I'm sorry, but errors were detected in your script. Please correct the
errors listed below, and try again.


File "game/screens.rpy", line 400: style property gui is not known.
    gui.accent_color = "#fcfcfc"
       ^

Ren'Py Version: Ren'Py 7.1.3.1092
Thu Feb 21 00:11:53 2019
